................................E............................................Error: PROJECTION_EMPTY: C:\Users\reall\AppData\Local\Temp\tmp__rg3zpa\pages holds no pages
.......E..Error: SEARCH_INDEX_UNREADABLE_LIBRARY: C:\Users\reall\AppData\Local\Temp\tmp82un5gwp\library\broken.json: Expecting property name enclosed in double quotes: line 1 column 3 (char 2)
......F............................product P: 1 subject(s), 0 current evidence record(s)
snapshot sha256:35cbfedfca88cccb5f2153823df8f909bf923bf5ad02678d8d4b07be97bcfd6b
open needs: 9 (ANSWERABILITY, ANSWER_CORRECTNESS, DIMENSIONAL_CORRECTNESS, REASONING_VALIDITY, REFERENCE_INTEGRITY, SCOPE_CONFORMANCE, SELF_CONTAINMENT, SOURCE_INTEGRITY, STRUCTURAL_VALIDITY)
  ANSWERABILITY              CANONICAL_RECORD:one                     MISSING
  ANSWER_CORRECTNESS         CANONICAL_RECORD:one                     MISSING
  DIMENSIONAL_CORRECTNESS    CANONICAL_RECORD:one                     MISSING
  REASONING_VALIDITY         CANONICAL_RECORD:one                     MISSING
  REFERENCE_INTEGRITY        CANONICAL_RECORD:one                     MISSING
  SCOPE_CONFORMANCE          CANONICAL_RECORD:one                     MISSING
  SELF_CONTAINMENT           CANONICAL_RECORD:one                     MISSING
  SOURCE_INTEGRITY           CANONICAL_RECORD:one                     MISSING
  STRUCTURAL_VALIDITY        CANONICAL_RECORD:one                     MISSING
Eligibility Decision: INELIGIBLE (ASSURANCE_BUNDLE_OTHER_PRODUCT: the bundle is for 'P', not 'OTHER')
product P: 1 subject(s), 0 current evidence record(s)
snapshot sha256:35cbfedfca88cccb5f2153823df8f909bf923bf5ad02678d8d4b07be97bcfd6b
open needs: 9 (ANSWERABILITY, ANSWER_CORRECTNESS, DIMENSIONAL_CORRECTNESS, REASONING_VALIDITY, REFERENCE_INTEGRITY, SCOPE_CONFORMANCE, SELF_CONTAINMENT, SOURCE_INTEGRITY, STRUCTURAL_VALIDITY)
  ANSWERABILITY              CANONICAL_RECORD:one                     MISSING
  ANSWER_CORRECTNESS         CANONICAL_RECORD:one                     MISSING
  DIMENSIONAL_CORRECTNESS    CANONICAL_RECORD:one                     MISSING
  REASONING_VALIDITY         CANONICAL_RECORD:one                     MISSING
  REFERENCE_INTEGRITY        CANONICAL_RECORD:one                     MISSING
  SCOPE_CONFORMANCE          CANONICAL_RECORD:one                     MISSING
  SELF_CONTAINMENT           CANONICAL_RECORD:one                     MISSING
  SOURCE_INTEGRITY           CANONICAL_RECORD:one                     MISSING
  STRUCTURAL_VALIDITY        CANONICAL_RECORD:one                     MISSING
product P: 1 subject(s), 9 current evidence record(s)
snapshot sha256:35cbfedfca88cccb5f2153823df8f909bf923bf5ad02678d8d4b07be97bcfd6b
open needs: 0
Eligibility Decision: ELIGIBLE
Outcome: FAIL
  STALE_CANONICAL: the library changed after this projection was built: rebuild it
Outcome: PASS
Outcome: FAIL
  ARTIFACT_CHANGED: the pages are not the ones the manifest describes
canonical_snapshot     REQUIRES_REBUILD
policy                 CURRENT
web_projection         REQUIRES_REBUILD
standalone_projection  CURRENT
search_projection      CURRENT
canonical_snapshot     CURRENT
policy                 CURRENT
web_projection         UNAUTHORIZED
standalone_projection  CURRENT
search_projection      CURRENT
canonical_snapshot     CURRENT
policy                 CURRENT
web_projection         CURRENT
standalone_projection  CURRENT
search_projection      CURRENT
Indexed 1 documents; excluded 0. Wrote C:\Users\reall\AppData\Local\Temp\tmp82un5gwp\index.json and C:\Users\reall\AppData\Local\Temp\tmp82un5gwp\manifest.json
Indexed 1 documents; excluded 0. Wrote C:\Users\reall\AppData\Local\Temp\tmplertfskd\index.json and C:\Users\reall\AppData\Local\Temp\tmplertfskd\manifest.json
=== Search Index Verification ===
SEARCH_MEMBERSHIP: FAIL
  MISSING_FROM_INDEX: 1 canonical question(s) are not in the index
  STALE_INDEX: the index was built from different canonical content than the library holds now; rebuild it with build_search_index.py
SEARCH_RETRIEVABILITY: PASS
Indexed 2 documents; excluded 0. Wrote C:\Users\reall\AppData\Local\Temp\tmp1rv7v649\index.json and C:\Users\reall\AppData\Local\Temp\tmp1rv7v649\manifest.json
=== Search Index Verification ===
SEARCH_MEMBERSHIP: FAIL
  PHANTOM_IN_INDEX: 1 indexed id(s) are not canonical questions
  STALE_INDEX: the index was built from different canonical content than the library holds now; rebuild it with build_search_index.py
SEARCH_RETRIEVABILITY: PASS
Indexed 1 documents; excluded 0. Wrote C:\Users\reall\AppData\Local\Temp\tmpiygsxbqn\index.json and C:\Users\reall\AppData\Local\Temp\tmpiygsxbqn\manifest.json
=== Search Index Verification ===
SEARCH_MEMBERSHIP: FAIL
  STALE_INDEX: the index was built from different canonical content than the library holds now; rebuild it with build_search_index.py
SEARCH_RETRIEVABILITY: PASS
=== Search Index Verification ===
SEARCH_MEMBERSHIP: FAIL
  STALE_INDEX: the index was built from different canonical content than the library holds now; rebuild it with build_search_index.py
SEARCH_RETRIEVABILITY: PASS
Indexed 1 documents; excluded 0. Wrote C:\Users\reall\AppData\Local\Temp\tmp2ubgzqi9\index.json and C:\Users\reall\AppData\Local\Temp\tmp2ubgzqi9\manifest.json
=== Search Index Verification ===
SEARCH_MEMBERSHIP: PASS
SEARCH_RETRIEVABILITY: FAIL
  INDEX_DIGEST_MISMATCH: the index file is not the one its manifest describes
Indexed 1 documents; excluded 0. Wrote C:\Users\reall\AppData\Local\Temp\tmpayp9twxz\index.json and C:\Users\reall\AppData\Local\Temp\tmpayp9twxz\manifest.json
=== Search Index Verification ===
SEARCH_MEMBERSHIP: PASS
SEARCH_RETRIEVABILITY: PASS
=== Search Index Verification ===
SEARCH_MEMBERSHIP: FAIL
  PHANTOM_IN_INDEX: 38 indexed id(s) are not canonical questions
  STALE_INDEX: the index was built from different canonical content than the library holds now; rebuild it with build_search_index.py
SEARCH_RETRIEVABILITY: PASS
Indexed 2 documents; excluded 1. Wrote C:\Users\reall\AppData\Local\Temp\tmp5ud2_ber\index.json and C:\Users\reall\AppData\Local\Temp\tmp5ud2_ber\manifest.json
Indexed 2 documents; excluded 0. Wrote C:\Users\reall\AppData\Local\Temp\tmphdkxto12\index.json and C:\Users\reall\AppData\Local\Temp\tmphdkxto12\manifest.json
Indexed 2 documents; excluded 0. Wrote C:\Users\reall\AppData\Local\Temp\tmphdkxto12\index.json and C:\Users\reall\AppData\Local\Temp\tmphdkxto12\manifest.json
=== Search Index Verification ===
SEARCH_MEMBERSHIP: PASS
SEARCH_RETRIEVABILITY: PASS
9 evidence record(s) in build/test-assurance/ratchet/evidence
  ANSWER_CORRECTNESS             NOT_APPLICABLE 1
  CORPUS_SPECIFICITY             PASS 1
  DIMENSIONAL_CORRECTNESS        NOT_APPLICABLE 1
  DISCLOSURE_CONFORMANCE         PASS 1
  REASONING_VALIDITY             INCONCLUSIVE 1
  REFERENCE_INTEGRITY            FAIL 1
  SCOPE_CONFORMANCE              PASS 1
  SELF_CONTAINMENT               INCONCLUSIVE 1
  STRUCTURAL_VALIDITY            PASS 1
NEW FINDING: REFERENCE_INTEGRITY|CANONICAL_RECORD:LIB-PHY-NLM-FIRST-LAW-AUTHORED|LIBRARY_UNRESOLVED_REFERENCE|BUCKET-PHY-NLM-FIRST-LAW
NEW FINDING: REFERENCE_INTEGRITY|CANONICAL_RECORD:LIB-PHY-NLM-FIRST-LAW-AUTHORED|LIBRARY_UNRESOLVED_REFERENCE|CAP-NLM-NET-ZERO-MOTION
NEW FINDING: REFERENCE_INTEGRITY|CANONICAL_RECORD:LIB-PHY-NLM-FIRST-LAW-AUTHORED|LIBRARY_UNRESOLVED_REFERENCE|FAM-PHY-NLM-INCLINE-MODELLING
NEW FINDING: REFERENCE_INTEGRITY|CANONICAL_RECORD:LIB-PHY-NLM-FIRST-LAW-AUTHORED|LIBRARY_UNRESOLVED_REFERENCE|Q-PHY-NLM-INCLINE-2A-FBD-COMPONENTS-05
NEW FINDING: REFERENCE_INTEGRITY|CANONICAL_RECORD:LIB-PHY-NLM-FIRST-LAW-AUTHORED|LIBRARY_UNRESOLVED_REFERENCE|Q-PHY-NLM-INCLINE-2A-HORIZONTAL-PUSH-04
NEW FINDING: REFERENCE_INTEGRITY|CANONICAL_RECORD:LIB-PHY-NLM-FIRST-LAW-AUTHORED|LIBRARY_UNRESOLVED_REFERENCE|Q-PHY-NLM-INCLINE-2A-SLIDING-03
NEW FINDING: REFERENCE_INTEGRITY|CANONICAL_RECORD:LIB-PHY-NLM-FIRST-LAW-AUTHORED|LIBRARY_UNRESOLVED_REFERENCE|Q-PHY-NLM-INCLINE-2A-SMOOTH-01
NEW FINDING: REFERENCE_INTEGRITY|CANONICAL_RECORD:LIB-PHY-NLM-FIRST-LAW-AUTHORED|LIBRARY_UNRESOLVED_REFERENCE|Q-PHY-NLM-INCLINE-2A-STATIC-02
NEW FINDING: REFERENCE_INTEGRITY|CANONICAL_RECORD:LIB-PHY-NLM-FIRST-LAW-AUTHORED|LIBRARY_UNRESOLVED_REFERENCE|Q-PHY-NLM-INCLINE-2B-AXES-01
NEW FINDING: REFERENCE_INTEGRITY|CANONICAL_RECORD:LIB-PHY-NLM-FIRST-LAW-AUTHORED|LIBRARY_UNRESOLVED_REFERENCE|Q-PHY-NLM-INCLINE-2B-COMPONENT-TRAP-04
NEW FINDING: REFERENCE_INTEGRITY|CANONICAL_RECORD:LIB-PHY-NLM-FIRST-LAW-AUTHORED|LIBRARY_UNRESOLVED_REFERENCE|Q-PHY-NLM-INCLINE-2B-HORIZONTAL-THRESHOLD-03.FF.....................................F...F.....F..E..............F.....F......................F................F.F.................................................................................................................................................F.F........................................................................F..........EE.E....................................................EEEEE.........................................