195 evidence record(s) in build/assurance/evidence
  ANSWER_CORRECTNESS             NOT_APPLICABLE 21
  CORPUS_SPECIFICITY             PASS 21
  DEPLOYMENT_INTEGRITY           NOT_APPLICABLE 1
  DIMENSIONAL_CORRECTNESS        NOT_APPLICABLE 21
  DISCLOSURE_CONFORMANCE         PASS 21
  LINK_INTEGRITY                 FAIL 1
  NETWORK_POLICY                 FAIL 1
  PROJECTION_STATIC_CONFORMANCE  FAIL 1
  REASONING_VALIDITY             INCONCLUSIVE 15  NOT_APPLICABLE 6
  REFERENCE_INTEGRITY            FAIL 1  PASS 20
  SCOPE_CONFORMANCE              PASS 21
  SEARCH_MEMBERSHIP              NOT_APPLICABLE 1
  SEARCH_RETRIEVABILITY          NOT_APPLICABLE 1
  SELF_CONTAINMENT               INCONCLUSIVE 15  NOT_APPLICABLE 6
  STRUCTURAL_VALIDITY            FAIL 1  PASS 20
NEW FINDING: REFERENCE_INTEGRITY|CANONICAL_RECORD:LIB-MATH-LINEAR-EQUATIONS|LIBRARY_UNRESOLVED_REFERENCE|Q-MAT-LEQ-01-EXEMPLAR8-Q17
NEW FINDING: REFERENCE_INTEGRITY|CANONICAL_RECORD:LIB-MATH-LINEAR-EQUATIONS|LIBRARY_UNRESOLVED_REFERENCE|Q-MAT-LEQ-01-EXEMPLAR8-Q20
NEW FINDING: REFERENCE_INTEGRITY|CANONICAL_RECORD:LIB-MATH-LINEAR-EQUATIONS|LIBRARY_UNRESOLVED_REFERENCE|Q-MAT-LEQ-01-EXEMPLAR8-Q6
NEW FINDING: REFERENCE_INTEGRITY|CANONICAL_RECORD:LIB-MATH-LINEAR-EQUATIONS|LIBRARY_UNRESOLVED_REFERENCE|Q-MAT-LEQ-02-EXEMPLAR9-4-1-Q16
NEW FINDING: REFERENCE_INTEGRITY|CANONICAL_RECORD:LIB-MATH-LINEAR-EQUATIONS|LIBRARY_UNRESOLVED_REFERENCE|Q-MAT-LEQ-02-NCERT8-EX2-1-Q1
NEW FINDING: REFERENCE_INTEGRITY|CANONICAL_RECORD:LIB-MATH-LINEAR-EQUATIONS|LIBRARY_UNRESOLVED_REFERENCE|Q-MAT-LEQ-02-NCERT8-EX2-1-Q2
NEW FINDING: REFERENCE_INTEGRITY|CANONICAL_RECORD:LIB-MATH-LINEAR-EQUATIONS|LIBRARY_UNRESOLVED_REFERENCE|Q-MAT-LEQ-02-NCERT8-EX2-1-Q3
NEW FINDING: REFERENCE_INTEGRITY|CANONICAL_RECORD:LIB-MATH-LINEAR-EQUATIONS|LIBRARY_UNRESOLVED_REFERENCE|Q-MAT-LEQ-02-NCERT8-EX2-1-Q5
NEW FINDING: REFERENCE_INTEGRITY|CANONICAL_RECORD:LIB-MATH-LINEAR-EQUATIONS|LIBRARY_UNRESOLVED_REFERENCE|Q-MAT-LEQ-03-EXEMPLAR8-Q58
NEW FINDING: REFERENCE_INTEGRITY|CANONICAL_RECORD:LIB-MATH-LINEAR-EQUATIONS|LIBRARY_UNRESOLVED_REFERENCE|Q-MAT-LEQ-03-EXEMPLAR8-Q61
NEW FINDING: REFERENCE_INTEGRITY|CANONICAL_RECORD:LIB-MATH-LINEAR-EQUATIONS|LIBRARY_UNRESOLVED_REFERENCE|Q-MAT-LEQ-03-NCERT8-EX2-2-Q10
NEW FINDING: REFERENCE_INTEGRITY|CANONICAL_RECORD:LIB-MATH-LINEAR-EQUATIONS|LIBRARY_UNRESOLVED_REFERENCE|Q-MAT-LEQ-03-NCERT8-EX2-2-Q7
NEW FINDING: REFERENCE_INTEGRITY|CANONICAL_RECORD:LIB-MATH-LINEAR-EQUATIONS|LIBRARY_UNRESOLVED_REFERENCE|Q-MAT-LEQ-03-NCERT8-EX2-2-Q9
NEW FINDING: REFERENCE_INTEGRITY|CANONICAL_RECORD:LIB-MATH-LINEAR-EQUATIONS|LIBRARY_UNRESOLVED_REFERENCE|Q-MAT-LEQ-04-EXEMPLAR9-4-1-Q1
NEW FINDING: REFERENCE_INTEGRITY|CANONICAL_RECORD:LIB-MATH-LINEAR-EQUATIONS|LIBRARY_UNRESOLVED_REFERENCE|Q-MAT-LEQ-04-EXEMPLAR9-4-1-Q11
NEW FINDING: REFERENCE_INTEGRITY|CANONICAL_RECORD:LIB-MATH-LINEAR-EQUATIONS|LIBRARY_UNRESOLVED_REFERENCE|Q-MAT-LEQ-04-EXEMPLAR9-4-1-Q3
NEW FINDING: REFERENCE_INTEGRITY|CANONICAL_RECORD:LIB-MATH-LINEAR-EQUATIONS|LIBRARY_UNRESOLVED_REFERENCE|Q-MAT-LEQ-04-EXEMPLAR9-4-2-Q1
NEW FINDING: REFERENCE_INTEGRITY|CANONICAL_RECORD:LIB-MATH-LINEAR-EQUATIONS|LIBRARY_UNRESOLVED_REFERENCE|Q-MAT-LEQ-04-EXEMPLAR9-4-3-Q7
NEW FINDING: STRUCTURAL_VALIDITY|CANONICAL_RECORD:LIB-MATH-LINEAR-EQUATIONS|SCHEMA|LIB-MATH-LINEAR-EQUATIONS
WORSE THAN THE LEDGER: standalone/chemistry-behaviour-of-gases-master-suite.html: FONT_FLOOR 44 (the ledger allows 0)
WORSE THAN THE LEDGER: standalone/chemistry-behaviour-of-gases-master-suite.html: LINKS_RESOLVE 1 (the ledger allows 0)
WORSE THAN THE LEDGER: standalone/chemistry-behaviour-of-gases-master-suite.html: REMOTE_RUNTIME 1 (the ledger allows 0)
WORSE THAN THE LEDGER: standalone/chemistry-chemical-bonding-master-suite.html: FONT_FLOOR 62 (the ledger allows 0)
WORSE THAN THE LEDGER: standalone/chemistry-chemical-bonding-master-suite.html: LINKS_RESOLVE 1 (the ledger allows 0)
WORSE THAN THE LEDGER: standalone/chemistry-chemical-bonding-master-suite.html: REMOTE_RUNTIME 1 (the ledger allows 0)
WORSE THAN THE LEDGER: standalone/chemistry-mole-concept-master-suite.html: FONT_FLOOR 51 (the ledger allows 0)
WORSE THAN THE LEDGER: standalone/chemistry-mole-concept-master-suite.html: LINKS_RESOLVE 1 (the ledger allows 0)
WORSE THAN THE LEDGER: standalone/chemistry-mole-concept-master-suite.html: REMOTE_RUNTIME 1 (the ledger allows 0)
WORSE THAN THE LEDGER: standalone/chemistry-redox-reactions-master-suite.html: FONT_FLOOR 84 (the ledger allows 0)
WORSE THAN THE LEDGER: standalone/chemistry-redox-reactions-master-suite.html: LINKS_RESOLVE 1 (the ledger allows 0)
WORSE THAN THE LEDGER: standalone/chemistry-redox-reactions-master-suite.html: REMOTE_RUNTIME 1 (the ledger allows 0)
WORSE THAN THE LEDGER: standalone/core-learning/index.html: FONT_FLOOR 4 (the ledger allows 0)
WORSE THAN THE LEDGER: standalone/core1a-motion-1d-straight-line-tablet.html: FONT_FLOOR 5 (the ledger allows 0)
WORSE THAN THE LEDGER: standalone/core1a-motion-in-a-plane-tablet.html: FONT_FLOOR 5 (the ledger allows 0)
WORSE THAN THE LEDGER: standalone/core1a-motion-in-a-plane-tablet.html: LINKS_RESOLVE 1 (the ledger allows 0)
WORSE THAN THE LEDGER: standalone/core1a-physics-nlm-tablet.html: FONT_FLOOR 5 (the ledger allows 0)
WORSE THAN THE LEDGER: standalone/core1a-vector-add-sub-tablet.html: FONT_FLOOR 5 (the ledger allows 0)
WORSE THAN THE LEDGER: standalone/core2-motion-in-a-plane-tablet.html: FONT_FLOOR 5 (the ledger allows 0)
WORSE THAN THE LEDGER: standalone/core2-physics-thrust-pressure-tablet.html: FONT_FLOOR 5 (the ledger allows 0)
known canonical findings: 0; new: 19; pages worse than the ledger: 62
