core1.html: bp=BP-CORE1-ORIENTATION@1.1.0 slots=14 home=["../../../index.html","../../../index.html"] nav1=../../../index.html "⚡Grade9V3.5Learner Platform" sticky=false targets<48=0/18 minFont=14.45 overflowL=0 overflowP=0 hoverOnly=0 external=0 svg=0 (a11y 0) details=0 gated=0 attempts=0 focusCSS=true print=true stage68=false metaMissing=0 searchMissing=0 protectedSearch=0 gatedOpen=0 landmarks={"main":1,"nav":1,"header":1,"footer":1} js=3 errors=0
core1a-spec enforcement failed:
    core1a: contentWidth=390 layout={"articleCount":0,"samples":[],"expandedCount":0,"stackedCount":0} tables={"tables":0,"tablesOutsideLocalScroller":0,"localScrollers":0,"locallyScrollable":0} controls={"intendedControls":9,"minGapPx":0} anchors={"stickyHeaderHeightPx":0,"anchors":7,"riskyAnchors":0,"riskyAnchorSample":[]} focus={"candidates":18,"focusFailures":0,"visibleFocus":18} learningStart={"topPx":null,"viewportHeights":null} constructionStart={"topPx":null,"viewportHeights":null} interaction=undefined
 - phone-390x844: intended control gap 0px < 8px
 - phone-390x844: no visible coherent worked explanation
 - phone-390x844: staged representation keyboard control failed
 - portrait-800x1280: intended control gap 0px < 8px
 - portrait-800x1280: no visible coherent worked explanation
    small targets: 
 - portrait-800x1280: staged representation keyboard control failed
core1a.html: bp=BP-CORE1A-CONSTRUCTION@1.7.0 slots=26 home=["../../../index.html","../../../index.html"] nav1=../../../index.html "⚡Grade9V3.5Learner Platform" sticky=false targets<48=0/86 minFont=14.45 overflowL=0 overflowP=0 hoverOnly=0 external=0 svg=0 (a11y 0) details=21 gated=7 attempts=7 focusCSS=true print=true stage68=false metaMissing=0 searchMissing=0 protectedSearch=0 gatedOpen=0 landmarks={"main":1,"nav":9,"header":1,"footer":1} js=3 errors=0
 - portrait-820x1180: intended control gap 0px < 8px
 - portrait-820x1180: no visible coherent worked explanation
 - portrait-820x1180: staged representation keyboard control failed
 - landscape-1180x820: intended control gap 0px < 8px
 - landscape-1180x820: no visible coherent worked explanation
 - landscape-1180x820: staged representation keyboard control failed
 - landscape-1280x800: intended control gap 0px < 8px
 - landscape-1280x800: no visible coherent worked explanation
 - landscape-1280x800: staged representation keyboard control failed
 - desktop-1440x900: intended control gap 0px < 8px
 - desktop-1440x900: no visible coherent worked explanation
 - desktop-1440x900: staged representation keyboard control failed
    core1a: contentWidth=390 layout={"articleCount":0,"samples":[],"expandedCount":0,"stackedCount":0} tables={"tables":2,"tablesOutsideLocalScroller":0,"localScrollers":2,"locallyScrollable":2} controls={"intendedControls":49,"minGapPx":0} anchors={"stickyHeaderHeightPx":0,"anchors":12,"riskyAnchors":0,"riskyAnchorSample":[]} focus={"candidates":86,"focusFailures":0,"visibleFocus":86} learningStart={"topPx":659,"viewportHeights":0.781} constructionStart={"topPx":889.6,"viewportHeights":1.054} interaction={"stageKeyboard":{"available":false,"changed":null},"sectionKeyboard":{"available":true,"resolved":true,"historyRestored":true},"reducedMotion":{"activeAnimations":0},"zoom200":{"horizontalOverflowPx":0,"overflowSample":[],"ownOverflowSample":[{"tag":"h3","id":null,"className":"","clientWidth":1,"scrollWidth":234,"delta":233,"text":"Construction 1"},{"tag":"h3","id":null,"className":"","clientWidth":1,"scrollWidth":234,"delta":233,"text":"Construction 1"},{"tag":"h3","id":null,"className":"","clientWidth":1,"scrollWidth":234,"delta":233,"text":"Construction 1"},{"tag":"h3","id":null,"className":"","clientWidth":1,"scrollWidth":1165,"delta":1164,"text":"Derive the constant-acceleration equations from one velocity-time graph"},{"tag":"h3","id":null,"className":"","clientWidth":1,"scrollWidth":234,"delta":233,"text":"Construction 1"},{"tag":"h3","id":null,"className":"","clientWidth":1,"scrollWidth":234,"delta":233,"text":"Construction 1"},{"tag":"h3","id":null,"className":"","clientWidth":1,"scrollWidth":1030,"delta":1029,"text":"Circular dynamics: centripetal is a net-force role, not a new force"}],"rootClientWidth":390,"rootScrollWidth":390,"bodyClientWidth":390,"bodyScrollWidth":390,"maxRight":390,"minLeft":0}}
    small targets: 
core1b.html: bp=BP-CORE1B-RECONSTRUCTION@1.1.0 slots=21 home=["../../../index.html","../../../index.html"] nav1=../../../index.html "⚡Grade9V3.5Learner Platform" sticky=false targets<48=0/53 minFont=14.45 overflowL=0 overflowP=0 hoverOnly=0 external=0 svg=0 (a11y 0) details=14 gated=14 attempts=7 focusCSS=true print=true stage68=true metaMissing=0 searchMissing=0 protectedSearch=0 gatedOpen=0 landmarks={"main":1,"nav":1,"header":1,"footer":1} js=3 errors=0
    core1a: contentWidth=390 layout={"articleCount":0,"samples":[],"expandedCount":0,"stackedCount":0} tables={"tables":0,"tablesOutsideLocalScroller":0,"localScrollers":0,"locallyScrollable":0} controls={"intendedControls":30,"minGapPx":0} anchors={"stickyHeaderHeightPx":0,"anchors":7,"riskyAnchors":0,"riskyAnchorSample":[]} focus={"candidates":53,"focusFailures":0,"visibleFocus":53} learningStart={"topPx":null,"viewportHeights":null} constructionStart={"topPx":null,"viewportHeights":null} interaction=undefined
    small targets: 
core2.html: bp=BP-CORE2-SOURCE-QUESTION@1.9.0 slots=0 home=["../../../index.html","../../../index.html"] nav1=../../../index.html "⚡Grade9V3.5Learner Platform" sticky=false targets<48=0/18 minFont=14.45 overflowL=0 overflowP=0 hoverOnly=0 external=0 svg=0 (a11y 0) details=0 gated=0 attempts=0 focusCSS=true print=true stage68=true metaMissing=0 searchMissing=0 protectedSearch=0 gatedOpen=0 landmarks={"main":1,"nav":1,"header":1,"footer":1} js=3 errors=0
    core1a: contentWidth=390 layout={"articleCount":0,"samples":[],"expandedCount":0,"stackedCount":0} tables={"tables":0,"tablesOutsideLocalScroller":0,"localScrollers":0,"locallyScrollable":0} controls={"intendedControls":9,"minGapPx":0} anchors={"stickyHeaderHeightPx":0,"anchors":0,"riskyAnchors":0,"riskyAnchorSample":[]} focus={"candidates":18,"focusFailures":0,"visibleFocus":18} learningStart={"topPx":null,"viewportHeights":null} constructionStart={"topPx":null,"viewportHeights":null} interaction=undefined
    small targets: 
core2a.html: bp=BP-CORE2A-SUPPORTED-APPLICATION@1.1.0 slots=48 home=["../../../index.html","../../../index.html"] nav1=../../../index.html "⚡Grade9V3.5Learner Platform" sticky=false targets<48=0/78 minFont=14.45 overflowL=0 overflowP=0 hoverOnly=0 external=0 svg=0 (a11y 0) details=12 gated=12 attempts=12 focusCSS=true print=true stage68=true metaMissing=0 searchMissing=0 protectedSearch=0 gatedOpen=0 landmarks={"main":1,"nav":1,"header":1,"footer":1} js=3 errors=0
    core1a: contentWidth=390 layout={"articleCount":12,"samples":[{"unit":"Q-PHY-KIN-2A-01","display":"block","gridTemplateColumns":"none","primaryWidthPx":324,"supportWidthPx":324,"supportFraction":null,"supportStacksAfterPrimary":true},{"unit":"Q-PHY-KIN-2A-COV-02","display":"block","gridTemplateColumns":"none","primaryWidthPx":324,"supportWidthPx":324,"supportFraction":null,"supportStacksAfterPrimary":true},{"unit":"Q-PHY-KIN-2A-COV-03","display":"block","gridTemplateColumns":"none","primaryWidthPx":324,"supportWidthPx":324,"supportFraction":null,"supportStacksAfterPrimary":true},{"unit":"Q-PHY-KIN-2A-COV-04","display":"block","gridTemplateColumns":"none","primaryWidthPx":324,"supportWidthPx":324,"supportFraction":null,"supportStacksAfterPrimary":true},{"unit":"Q-PHY-KIN-2A-COV-05","display":"block","gridTemplateColumns":"none","primaryWidthPx":324,"supportWidthPx":324,"supportFraction":null,"supportStacksAfterPrimary":true},{"unit":"Q-PHY-KIN-PRACTICAL-13","display":"block","gridTemplateColumns":"none","primaryWidthPx":324,"supportWidthPx":324,"supportFraction":null,"supportStacksAfterPrimary":true},{"unit":"Q-PHY-KIN-VERT-2A-UPWARD-01","display":"block","gridTemplateColumns":"none","primaryWidthPx":324,"supportWidthPx":324,"supportFraction":null,"supportStacksAfterPrimary":true},{"unit":"Q-PHY-KIN-VERT-2A-DROP-02","display":"block","gridTemplateColumns":"none","primaryWidthPx":324,"supportWidthPx":324,"supportFraction":null,"supportStacksAfterPrimary":true},{"unit":"Q-PHY-KIN-VERT-2A-RETURN-03","display":"block","gridTemplateColumns":"none","primaryWidthPx":324,"supportWidthPx":324,"supportFraction":null,"supportStacksAfterPrimary":true},{"unit":"Q-PHY-KIN-VERT-2A-DOWN-AXIS-04","display":"block","gridTemplateColumns":"none","primaryWidthPx":324,"supportWidthPx":324,"supportFraction":null,"supportStacksAfterPrimary":true},{"unit":"Q-PHY-KIN-VERT-2A-APEX-05","display":"block","gridTemplateColumns":"none","primaryWidthPx":324,"supportWidthPx":324,"supportFraction":null,"supportStacksAfterPrimary":true},{"unit":"Q-PHY-KIN-CIRC-2A-FORCE-ROLE-01","display":"block","gridTemplateColumns":"none","primaryWidthPx":324,"supportWidthPx":324,"supportFraction":null,"supportStacksAfterPrimary":true}],"expandedCount":0,"stackedCount":12} tables={"tables":0,"tablesOutsideLocalScroller":0,"localScrollers":0,"locallyScrollable":0} controls={"intendedControls":45,"minGapPx":0} anchors={"stickyHeaderHeightPx":0,"anchors":12,"riskyAnchors":0,"riskyAnchorSample":[]} focus={"candidates":78,"focusFailures":0,"visibleFocus":78} learningStart={"topPx":null,"viewportHeights":null} constructionStart={"topPx":null,"viewportHeights":null} interaction=undefined
    small targets: 
core2b.html: bp=BP-CORE2B-TRANSFER@1.1.0 slots=21 home=["../../../index.html","../../../index.html"] nav1=../../../index.html "⚡Grade9V3.5Learner Platform" sticky=false targets<48=0/52 minFont=14.45 overflowL=0 overflowP=0 hoverOnly=0 external=0 svg=0 (a11y 0) details=7 gated=7 attempts=7 focusCSS=true print=true stage68=true metaMissing=0 searchMissing=0 protectedSearch=0 gatedOpen=0 landmarks={"main":1,"nav":1,"header":1,"footer":1} js=3 errors=0
    core1a: contentWidth=390 layout={"articleCount":0,"samples":[],"expandedCount":0,"stackedCount":0} tables={"tables":0,"tablesOutsideLocalScroller":0,"localScrollers":0,"locallyScrollable":0} controls={"intendedControls":23,"minGapPx":0} anchors={"stickyHeaderHeightPx":0,"anchors":7,"riskyAnchors":0,"riskyAnchorSample":[]} focus={"candidates":52,"focusFailures":0,"visibleFocus":52} learningStart={"topPx":null,"viewportHeights":null} constructionStart={"topPx":null,"viewportHeights":null} interaction=undefined
    small targets: 
