................................E............................................Error: PROJECTION_EMPTY: C:\Users\reall\AppData\Local\Temp\tmp5mgwlxss\pages holds no pages
.......E..Error: SEARCH_INDEX_UNREADABLE_LIBRARY: C:\Users\reall\AppData\Local\Temp\tmpz6d7geub\library\broken.json: Expecting property name enclosed in double quotes: line 1 column 3 (char 2)
......F............................product P: 1 subject(s), 0 current evidence record(s)
snapshot sha256:35cbfedfca88cccb5f2153823df8f909bf923bf5ad02678d8d4b07be97bcfd6b
open needs: 9 (ANSWERABILITY, ANSWER_CORRECTNESS, DIMENSIONAL_CORRECTNESS, REASONING_VALIDITY, REFERENCE_INTEGRITY, SCOPE_CONFORMANCE, SELF_CONTAINMENT, SOURCE_INTEGRITY, STRUCTURAL_VALIDITY)
  ANSWERABILITY              CANONICAL_RECORD:one                     MISSING
  ANSWER_CORRECTNESS         CANONICAL_RECORD:one                     MISSING
  DIMENSIONAL_CORRECTNESS    CANONICAL_RECORD:one                     MISSING
  REASONING_VALIDITY         CANONICAL_RECORD:one                     MISSING
  REFERENCE_INTEGRITY        CANONICAL_RECORD:one                     MISSING
  SCOPE_CONFORMANCE          CANONICAL_RECORD:one                     MISSING
  SELF_CONTAINMENT           CANONICAL_RECORD:one                     MISSING
  SOURCE_INTEGRITY           CANONICAL_RECORD:one                     MISSING
  STRUCTURAL_VALIDITY        CANONICAL_RECORD:one                     MISSING
Eligibility Decision: INELIGIBLE (ASSURANCE_BUNDLE_OTHER_PRODUCT: the bundle is for 'P', not 'OTHER')
product P: 1 subject(s), 0 current evidence record(s)
snapshot sha256:35cbfedfca88cccb5f2153823df8f909bf923bf5ad02678d8d4b07be97bcfd6b
open needs: 9 (ANSWERABILITY, ANSWER_CORRECTNESS, DIMENSIONAL_CORRECTNESS, REASONING_VALIDITY, REFERENCE_INTEGRITY, SCOPE_CONFORMANCE, SELF_CONTAINMENT, SOURCE_INTEGRITY, STRUCTURAL_VALIDITY)
  ANSWERABILITY              CANONICAL_RECORD:one                     MISSING
  ANSWER_CORRECTNESS         CANONICAL_RECORD:one                     MISSING
  DIMENSIONAL_CORRECTNESS    CANONICAL_RECORD:one                     MISSING
  REASONING_VALIDITY         CANONICAL_RECORD:one                     MISSING
  REFERENCE_INTEGRITY        CANONICAL_RECORD:one                     MISSING
  SCOPE_CONFORMANCE          CANONICAL_RECORD:one                     MISSING
  SELF_CONTAINMENT           CANONICAL_RECORD:one                     MISSING
  SOURCE_INTEGRITY           CANONICAL_RECORD:one                     MISSING
  STRUCTURAL_VALIDITY        CANONICAL_RECORD:one                     MISSING
product P: 1 subject(s), 9 current evidence record(s)
snapshot sha256:35cbfedfca88cccb5f2153823df8f909bf923bf5ad02678d8d4b07be97bcfd6b
open needs: 0
Eligibility Decision: ELIGIBLE
Outcome: FAIL
  STALE_CANONICAL: the library changed after this projection was built: rebuild it
Outcome: PASS
Outcome: FAIL
  ARTIFACT_CHANGED: the pages are not the ones the manifest describes
canonical_snapshot     REQUIRES_REBUILD
policy                 CURRENT
web_projection         REQUIRES_REBUILD
standalone_projection  CURRENT
search_projection      CURRENT
canonical_snapshot     CURRENT
policy                 CURRENT
web_projection         UNAUTHORIZED
standalone_projection  CURRENT
search_projection      CURRENT
canonical_snapshot     CURRENT
policy                 CURRENT
web_projection         CURRENT
standalone_projection  CURRENT
search_projection      CURRENT
Indexed 1 documents; excluded 0. Wrote C:\Users\reall\AppData\Local\Temp\tmpz6d7geub\index.json and C:\Users\reall\AppData\Local\Temp\tmpz6d7geub\manifest.json
Indexed 1 documents; excluded 0. Wrote C:\Users\reall\AppData\Local\Temp\tmpf5s2wkpo\index.json and C:\Users\reall\AppData\Local\Temp\tmpf5s2wkpo\manifest.json
=== Search Index Verification ===
SEARCH_MEMBERSHIP: FAIL
  MISSING_FROM_INDEX: 1 canonical question(s) are not in the index
  STALE_INDEX: the index was built from different canonical content than the library holds now; rebuild it with build_search_index.py
SEARCH_RETRIEVABILITY: PASS
Indexed 2 documents; excluded 0. Wrote C:\Users\reall\AppData\Local\Temp\tmpt4_a3pp_\index.json and C:\Users\reall\AppData\Local\Temp\tmpt4_a3pp_\manifest.json
=== Search Index Verification ===
SEARCH_MEMBERSHIP: FAIL
  PHANTOM_IN_INDEX: 1 indexed id(s) are not canonical questions
  STALE_INDEX: the index was built from different canonical content than the library holds now; rebuild it with build_search_index.py
SEARCH_RETRIEVABILITY: PASS
Indexed 1 documents; excluded 0. Wrote C:\Users\reall\AppData\Local\Temp\tmpq1p6kwij\index.json and C:\Users\reall\AppData\Local\Temp\tmpq1p6kwij\manifest.json
=== Search Index Verification ===
SEARCH_MEMBERSHIP: FAIL
  STALE_INDEX: the index was built from different canonical content than the library holds now; rebuild it with build_search_index.py
SEARCH_RETRIEVABILITY: PASS
=== Search Index Verification ===
SEARCH_MEMBERSHIP: FAIL
  STALE_INDEX: the index was built from different canonical content than the library holds now; rebuild it with build_search_index.py
SEARCH_RETRIEVABILITY: PASS
Indexed 1 documents; excluded 0. Wrote C:\Users\reall\AppData\Local\Temp\tmpqja8787s\index.json and C:\Users\reall\AppData\Local\Temp\tmpqja8787s\manifest.json
=== Search Index Verification ===
SEARCH_MEMBERSHIP: PASS
SEARCH_RETRIEVABILITY: FAIL
  INDEX_DIGEST_MISMATCH: the index file is not the one its manifest describes
Indexed 1 documents; excluded 0. Wrote C:\Users\reall\AppData\Local\Temp\tmpmg0knamc\index.json and C:\Users\reall\AppData\Local\Temp\tmpmg0knamc\manifest.json
=== Search Index Verification ===
SEARCH_MEMBERSHIP: PASS
SEARCH_RETRIEVABILITY: PASS
=== Search Index Verification ===
SEARCH_MEMBERSHIP: FAIL
  PHANTOM_IN_INDEX: 38 indexed id(s) are not canonical questions
  STALE_INDEX: the index was built from different canonical content than the library holds now; rebuild it with build_search_index.py
SEARCH_RETRIEVABILITY: PASS
Indexed 2 documents; excluded 1. Wrote C:\Users\reall\AppData\Local\Temp\tmpw9yotwvz\index.json and C:\Users\reall\AppData\Local\Temp\tmpw9yotwvz\manifest.json
Indexed 2 documents; excluded 0. Wrote C:\Users\reall\AppData\Local\Temp\tmpkg3auhzj\index.json and C:\Users\reall\AppData\Local\Temp\tmpkg3auhzj\manifest.json
Indexed 2 documents; excluded 0. Wrote C:\Users\reall\AppData\Local\Temp\tmpkg3auhzj\index.json and C:\Users\reall\AppData\Local\Temp\tmpkg3auhzj\manifest.json
=== Search Index Verification ===
SEARCH_MEMBERSHIP: PASS
SEARCH_RETRIEVABILITY: PASS
9 evidence record(s) in build/test-assurance/ratchet/evidence
  ANSWER_CORRECTNESS             NOT_APPLICABLE 1
  CORPUS_SPECIFICITY             PASS 1
  DIMENSIONAL_CORRECTNESS        NOT_APPLICABLE 1
  DISCLOSURE_CONFORMANCE         PASS 1
  REASONING_VALIDITY             INCONCLUSIVE 1
  REFERENCE_INTEGRITY            FAIL 1
  SCOPE_CONFORMANCE              PASS 1
  SELF_CONTAINMENT               INCONCLUSIVE 1
  STRUCTURAL_VALIDITY            PASS 1
NEW FINDING: REFERENCE_INTEGRITY|CANONICAL_RECORD:LIB-PHY-NLM-FIRST-LAW-AUTHORED|LIBRARY_UNRESOLVED_REFERENCE|BUCKET-PHY-NLM-FIRST-LAW
NEW FINDING: REFERENCE_INTEGRITY|CANONICAL_RECORD:LIB-PHY-NLM-FIRST-LAW-AUTHORED|LIBRARY_UNRESOLVED_REFERENCE|CAP-NLM-NET-ZERO-MOTION
NEW FINDING: REFERENCE_INTEGRITY|CANONICAL_RECORD:LIB-PHY-NLM-FIRST-LAW-AUTHORED|LIBRARY_UNRESOLVED_REFERENCE|FAM-PHY-NLM-INCLINE-MODELLING
NEW FINDING: REFERENCE_INTEGRITY|CANONICAL_RECORD:LIB-PHY-NLM-FIRST-LAW-AUTHORED|LIBRARY_UNRESOLVED_REFERENCE|Q-PHY-NLM-INCLINE-2A-FBD-COMPONENTS-05
NEW FINDING: REFERENCE_INTEGRITY|CANONICAL_RECORD:LIB-PHY-NLM-FIRST-LAW-AUTHORED|LIBRARY_UNRESOLVED_REFERENCE|Q-PHY-NLM-INCLINE-2A-HORIZONTAL-PUSH-04
NEW FINDING: REFERENCE_INTEGRITY|CANONICAL_RECORD:LIB-PHY-NLM-FIRST-LAW-AUTHORED|LIBRARY_UNRESOLVED_REFERENCE|Q-PHY-NLM-INCLINE-2A-SLIDING-03
NEW FINDING: REFERENCE_INTEGRITY|CANONICAL_RECORD:LIB-PHY-NLM-FIRST-LAW-AUTHORED|LIBRARY_UNRESOLVED_REFERENCE|Q-PHY-NLM-INCLINE-2A-SMOOTH-01
NEW FINDING: REFERENCE_INTEGRITY|CANONICAL_RECORD:LIB-PHY-NLM-FIRST-LAW-AUTHORED|LIBRARY_UNRESOLVED_REFERENCE|Q-PHY-NLM-INCLINE-2A-STATIC-02
NEW FINDING: REFERENCE_INTEGRITY|CANONICAL_RECORD:LIB-PHY-NLM-FIRST-LAW-AUTHORED|LIBRARY_UNRESOLVED_REFERENCE|Q-PHY-NLM-INCLINE-2B-AXES-01
NEW FINDING: REFERENCE_INTEGRITY|CANONICAL_RECORD:LIB-PHY-NLM-FIRST-LAW-AUTHORED|LIBRARY_UNRESOLVED_REFERENCE|Q-PHY-NLM-INCLINE-2B-COMPONENT-TRAP-04
NEW FINDING: REFERENCE_INTEGRITY|CANONICAL_RECORD:LIB-PHY-NLM-FIRST-LAW-AUTHORED|LIBRARY_UNRESOLVED_REFERENCE|Q-PHY-NLM-INCLINE-2B-HORIZONTAL-THRESHOLD-03.FF.....................................F...F.....F..E..............F.....F......................F................F.F.................................................................................................................................................F.F........................................................................F..........EE.E....................................................EEEEE................................................F......................................................................................................................................................................................................................................F..........F....................................................................................................................................................................................................................................................................................................................EEEEEEE..........................................E.......................FFFFFFFFFFF.....F.........F...FFF..........FF.......F......................................................EEF............FFEEE.............E...s.......................................F.............F........F....F......................F..............................................EE............................F.......F.................
NEW FINDING: REFERENCE_INTEGRITY|CANONICAL_RECORD:LIB-PHY-NLM-FIRST-LAW-AUTHORED|LIBRARY_UNRESOLVED_REFERENCE|Q-PHY-NLM-INCLINE-2B-TIMING-05
known canonical findings: 0; new: 12; pages worse than the ledger: 0
9 evidence record(s) in build/test-assurance/ratchet/evidence
  ANSWER_CORRECTNESS             NOT_APPLICABLE 1
  CORPUS_SPECIFICITY             PASS 1
  DIMENSIONAL_CORRECTNESS        NOT_APPLICABLE 1
  DISCLOSURE_CONFORMANCE         PASS 1
  REASONING_VALIDITY             INCONCLUSIVE 1
  REFERENCE_INTEGRITY            FAIL 1
  SCOPE_CONFORMANCE              PASS 1
  SELF_CONTAINMENT               INCONCLUSIVE 1
  STRUCTURAL_VALIDITY            PASS 1
baseline written: 12 known canonical finding(s) in build/test-assurance/ratchet/known.json
9 evidence record(s) in build/test-assurance/ratchet/evidence
  ANSWER_CORRECTNESS             NOT_APPLICABLE 1
  CORPUS_SPECIFICITY             PASS 1
  DIMENSIONAL_CORRECTNESS        NOT_APPLICABLE 1
  DISCLOSURE_CONFORMANCE         PASS 1
  REASONING_VALIDITY             INCONCLUSIVE 1
  REFERENCE_INTEGRITY            FAIL 1
  SCOPE_CONFORMANCE              PASS 1
  SELF_CONTAINMENT               INCONCLUSIVE 1
  STRUCTURAL_VALIDITY            PASS 1
known canonical findings: 12; new: 0; pages worse than the ledger: 0
189 evidence record(s) in build/test-assurance/tmp7o3zmy58
  ANSWER_CORRECTNESS             NOT_APPLICABLE 21
  CORPUS_SPECIFICITY             PASS 21
  DIMENSIONAL_CORRECTNESS        NOT_APPLICABLE 21
  DISCLOSURE_CONFORMANCE         PASS 21
  REASONING_VALIDITY             INCONCLUSIVE 15  NOT_APPLICABLE 6
  REFERENCE_INTEGRITY            FAIL 1  PASS 20
  SCOPE_CONFORMANCE              PASS 21
  SELF_CONTAINMENT               INCONCLUSIVE 15  NOT_APPLICABLE 6
  STRUCTURAL_VALIDITY            FAIL 1  PASS 20
NEW FINDING: REFERENCE_INTEGRITY|CANONICAL_RECORD:LIB-MATH-LINEAR-EQUATIONS|LIBRARY_UNRESOLVED_REFERENCE|Q-MAT-LEQ-01-EXEMPLAR8-Q17
NEW FINDING: REFERENCE_INTEGRITY|CANONICAL_RECORD:LIB-MATH-LINEAR-EQUATIONS|LIBRARY_UNRESOLVED_REFERENCE|Q-MAT-LEQ-01-EXEMPLAR8-Q20
NEW FINDING: REFERENCE_INTEGRITY|CANONICAL_RECORD:LIB-MATH-LINEAR-EQUATIONS|LIBRARY_UNRESOLVED_REFERENCE|Q-MAT-LEQ-01-EXEMPLAR8-Q6
NEW FINDING: REFERENCE_INTEGRITY|CANONICAL_RECORD:LIB-MATH-LINEAR-EQUATIONS|LIBRARY_UNRESOLVED_REFERENCE|Q-MAT-LEQ-02-EXEMPLAR9-4-1-Q16
NEW FINDING: REFERENCE_INTEGRITY|CANONICAL_RECORD:LIB-MATH-LINEAR-EQUATIONS|LIBRARY_UNRESOLVED_REFERENCE|Q-MAT-LEQ-02-NCERT8-EX2-1-Q1
NEW FINDING: REFERENCE_INTEGRITY|CANONICAL_RECORD:LIB-MATH-LINEAR-EQUATIONS|LIBRARY_UNRESOLVED_REFERENCE|Q-MAT-LEQ-02-NCERT8-EX2-1-Q2
NEW FINDING: REFERENCE_INTEGRITY|CANONICAL_RECORD:LIB-MATH-LINEAR-EQUATIONS|LIBRARY_UNRESOLVED_REFERENCE|Q-MAT-LEQ-02-NCERT8-EX2-1-Q3
NEW FINDING: REFERENCE_INTEGRITY|CANONICAL_RECORD:LIB-MATH-LINEAR-EQUATIONS|LIBRARY_UNRESOLVED_REFERENCE|Q-MAT-LEQ-02-NCERT8-EX2-1-Q5
NEW FINDING: REFERENCE_INTEGRITY|CANONICAL_RECORD:LIB-MATH-LINEAR-EQUATIONS|LIBRARY_UNRESOLVED_REFERENCE|Q-MAT-LEQ-03-EXEMPLAR8-Q58
NEW FINDING: REFERENCE_INTEGRITY|CANONICAL_RECORD:LIB-MATH-LINEAR-EQUATIONS|LIBRARY_UNRESOLVED_REFERENCE|Q-MAT-LEQ-03-EXEMPLAR8-Q61
NEW FINDING: REFERENCE_INTEGRITY|CANONICAL_RECORD:LIB-MATH-LINEAR-EQUATIONS|LIBRARY_UNRESOLVED_REFERENCE|Q-MAT-LEQ-03-NCERT8-EX2-2-Q10
NEW FINDING: REFERENCE_INTEGRITY|CANONICAL_RECORD:LIB-MATH-LINEAR-EQUATIONS|LIBRARY_UNRESOLVED_REFERENCE|Q-MAT-LEQ-03-NCERT8-EX2-2-Q7
NEW FINDING: REFERENCE_INTEGRITY|CANONICAL_RECORD:LIB-MATH-LINEAR-EQUATIONS|LIBRARY_UNRESOLVED_REFERENCE|Q-MAT-LEQ-03-NCERT8-EX2-2-Q9
NEW FINDING: REFERENCE_INTEGRITY|CANONICAL_RECORD:LIB-MATH-LINEAR-EQUATIONS|LIBRARY_UNRESOLVED_REFERENCE|Q-MAT-LEQ-04-EXEMPLAR9-4-1-Q1
NEW FINDING: REFERENCE_INTEGRITY|CANONICAL_RECORD:LIB-MATH-LINEAR-EQUATIONS|LIBRARY_UNRESOLVED_REFERENCE|Q-MAT-LEQ-04-EXEMPLAR9-4-1-Q11
NEW FINDING: REFERENCE_INTEGRITY|CANONICAL_RECORD:LIB-MATH-LINEAR-EQUATIONS|LIBRARY_UNRESOLVED_REFERENCE|Q-MAT-LEQ-04-EXEMPLAR9-4-1-Q3
NEW FINDING: REFERENCE_INTEGRITY|CANONICAL_RECORD:LIB-MATH-LINEAR-EQUATIONS|LIBRARY_UNRESOLVED_REFERENCE|Q-MAT-LEQ-04-EXEMPLAR9-4-2-Q1
NEW FINDING: REFERENCE_INTEGRITY|CANONICAL_RECORD:LIB-MATH-LINEAR-EQUATIONS|LIBRARY_UNRESOLVED_REFERENCE|Q-MAT-LEQ-04-EXEMPLAR9-4-3-Q7
NEW FINDING: STRUCTURAL_VALIDITY|CANONICAL_RECORD:LIB-MATH-LINEAR-EQUATIONS|SCHEMA|LIB-MATH-LINEAR-EQUATIONS
known canonical findings: 0; new: 19; pages worse than the ledger: 0
Build: sample @ c090eedd28c9c0f3; review: NONE
Recommendation: UNRECORDED
Open S0/S1: []
Reviewer: UNRECORDED; authors: ['author-1']
Fact status: 0 cited records without current independent verification
Subject authority: 0 finding(s): []
Standalone: NOT_STAGED
Approval reference: NOT_RECORDED
Build: sample @ c090eedd28c9c0f3; review: NONE
Recommendation: UNRECORDED
Open S0/S1: []
Reviewer: UNRECORDED; authors: ['author-1']
Fact status: 0 cited records without current independent verification
Subject authority: 0 finding(s): []
Standalone: NOT_STAGED
Approval reference: NOT_RECORDED
Build: sample @ c090eedd28c9c0f3; review: NONE
Recommendation: UNRECORDED
Open S0/S1: []
Reviewer: UNRECORDED; authors: ['author-1']
Fact status: 0 cited records without current independent verification
Subject authority: 0 finding(s): []
Standalone: NOT_STAGED
Approval reference: NOT_RECORDED
Build: sample @ c090eedd28c9c0f3; review: NONE
Recommendation: UNRECORDED
Open S0/S1: []
Reviewer: UNRECORDED; authors: ['author-1']
Fact status: 0 cited records without current independent verification
Subject authority: 0 finding(s): []
Standalone: NOT_STAGED
Approval reference: NOT_RECORDED
Build: sample @ c090eedd28c9c0f3; review: NONE
Recommendation: UNRECORDED
Open S0/S1: []
Reviewer: UNRECORDED; authors: ['author-1']
Fact status: 0 cited records without current independent verification
Subject authority: 0 finding(s): []
Standalone: NOT_STAGED
Approval reference: NOT_RECORDED
Build: sample @ 768c905de66506b6; review: NONE
Recommendation: UNRECORDED
Open S0/S1: []
Reviewer: UNRECORDED; authors: ['author-1']
Fact status: 0 cited records without current independent verification
Subject authority: 0 finding(s): []
Standalone: NOT_STAGED
Approval reference: https://github.com/o/r/issues/1#issuecomment-5 accepted
Build: sample @ 768c905de66506b6; review: NONE
Recommendation: UNRECORDED
Open S0/S1: []
Reviewer: UNRECORDED; authors: ['author-1']
Fact status: 0 cited records without current independent verification
Subject authority: 0 finding(s): []
Standalone: NOT_STAGED
Approval reference: NOT_RECORDED
Build: sample @ 768c905de66506b6; review: NONE
Recommendation: UNRECORDED
Open S0/S1: []
Reviewer: UNRECORDED; authors: ['author-1']
Fact status: 0 cited records without current independent verification
Subject authority: 0 finding(s): []
Standalone: NOT_STAGED
Approval reference: NOT_RECORDED
Build: sample @ 768c905de66506b6; review: NONE
Recommendation: UNRECORDED
Open S0/S1: []
Reviewer: UNRECORDED; authors: ['author-1']
Fact status: 0 cited records without current independent verification
Subject authority: 0 finding(s): []
Standalone: NOT_STAGED
Approval reference: xxxxxxxxxxxxxxxxxxxxxxxxxxxxxxxxxxxxxxxxxxxxxxxxxxxxxxxxxxxxxxxxxxxxxxxxxxxxxxxxxxxxxxxxxxxxxxxxxxxxxxxxxxxxxxxxxxxxxxxxxxxxxxxxxxxxxxxxxxxxxxxxxxxxxxxxxxxxxxxxxxxxxxxxxxxxxxxxxxxxxxxxxxxxxxxxxxxxxxxxxxxxxxxxxxxxxxxxxxxxxxxxxxxxxxxxxxxxxxxxxxxxxxxxxxxxxxxxxxxxxxxxxxxxxxxxxxxxxxxxxxxxxxxxxxxxxxxxxxxxxxxxxxxxxxxxxxxxxxxxxxxxxxxxxxxxxxxxxxxxxxxxxxxxxxxxxxxxxxxxxxxxxxxxxxxxxxxxxxxxxxxxxxxxxxxxxxxxxxxxxxxxxxxxxxxxxxxxxxxxxxxxxxxxxxxxxxxxxxxxxxxxxxxxxxxxxxxxxxxxxxxxxxxxxxxxxxxxxxxxxxxxxxxxxxxxxxxxxxxx
Build: sample @ 768c905de66506b6; review: NONE
Recommendation: UNRECORDED
Open S0/S1: []
Reviewer: UNRECORDED; authors: ['author-1']
Fact status: 0 cited records without current independent verification
Subject authority: 0 finding(s): []
Standalone: NOT_STAGED
Approval reference: NOT_RECORDED
Build: sample @ 768c905de66506b6; review: 768c905de66506b6
Recommendation: revise
Open S0/S1: ['F-1']
Reviewer: reviewer-2; authors: ['author-1']
Fact status: 1 cited records without current independent verification..........EEFEF...EEE...............E...............................s.......EEEEEEEEEEEE.EEF................................................................................................F...........s................F.F.57 gap(s): nothing written. Run `render_core.py gaps` or `--draft`.
..............F...........FF.......F.......WARNING: CORE2 is part of this product but selects no records, so its page has no items.
......F.............................................................................................F.............................................................................................................F...........E.E...................F...........EE.F....F........