test_adapter_has_no_subject_or_keyword_blueprint_switch (tests.test_web_blueprint_projection.WebBlueprintProjectionTests.test_adapter_has_no_subject_or_keyword_blueprint_switch) ... ok
test_generated_projection_blueprint_is_invariant_across_subject_rows (tests.test_web_blueprint_projection.WebBlueprintProjectionTests.test_generated_projection_blueprint_is_invariant_across_subject_rows) ... ok
test_projection_delivery_is_role_driven_and_subject_neutral (tests.test_web_blueprint_projection.WebBlueprintProjectionTests.test_projection_delivery_is_role_driven_and_subject_neutral) ... ok
test_cli_writes_true_single_file (tests.test_interactive_page_builder.InteractivePageBuilderTests.test_cli_writes_true_single_file) ... ok
test_existing_explorer_locator_is_explicit_legacy_migration_mode (tests.test_interactive_page_builder.InteractivePageBuilderTests.test_existing_explorer_locator_is_explicit_legacy_migration_mode) ... ok
test_mismatched_blueprint_fails_closed (tests.test_interactive_page_builder.InteractivePageBuilderTests.test_mismatched_blueprint_fails_closed) ... ok
test_offline_directory_has_only_local_runtime_dependencies (tests.test_interactive_page_builder.InteractivePageBuilderTests.test_offline_directory_has_only_local_runtime_dependencies) ... ok
test_offline_shell_instantiates_declared_tablet_controls (tests.test_interactive_page_builder.InteractivePageBuilderTests.test_offline_shell_instantiates_declared_tablet_controls) ... ok
test_package_uses_projection_blueprint_without_subject_switch (tests.test_interactive_page_builder.InteractivePageBuilderTests.test_package_uses_projection_blueprint_without_subject_switch) ... ok
test_public_pages_and_embed_modes_write_real_html_not_contract_only (tests.test_interactive_page_builder.InteractivePageBuilderTests.test_public_pages_and_embed_modes_write_real_html_not_contract_only) ... ok
test_shared_blueprint_identity_accepts_canonical_learner_metadata (tests.test_interactive_page_builder.InteractivePageBuilderTests.test_shared_blueprint_identity_accepts_canonical_learner_metadata) ... ok
test_single_file_contains_no_network_or_external_script_dependency (tests.test_interactive_page_builder.InteractivePageBuilderTests.test_single_file_contains_no_network_or_external_script_dependency) ... ok
test_core1a_blueprint_expected_component_accepts_scoped_waiver (tests.test_authoring_applicability.AuthoringApplicabilityTests.test_core1a_blueprint_expected_component_accepts_scoped_waiver) ... ok
test_core1a_explicit_per_unit_visual_waiver_is_not_a_figure_failure (tests.test_authoring_applicability.AuthoringApplicabilityTests.test_core1a_explicit_per_unit_visual_waiver_is_not_a_figure_failure) ... ok
test_core1a_missing_visual_still_fails_without_waiver (tests.test_authoring_applicability.AuthoringApplicabilityTests.test_core1a_missing_visual_still_fails_without_waiver) ... ok
test_core1a_staged_visual_is_expected_not_required (tests.test_authoring_applicability.AuthoringApplicabilityTests.test_core1a_staged_visual_is_expected_not_required) ... ok
test_core2_guidance_uses_applicability_not_mandatory_diagram_or_hint_count (tests.test_authoring_applicability.AuthoringApplicabilityTests.test_core2_guidance_uses_applicability_not_mandatory_diagram_or_hint_count) ... ok
test_core2_v2_blueprint_versions_are_resolvable_from_the_authoritative_template_contract (tests.test_core2_v2_boundaries.Core2V2LearnerJobBoundary.test_core2_v2_blueprint_versions_are_resolvable_from_the_authoritative_template_contract) ... ok
test_routine_zero_support_question_stays_lightweight_and_non_clinic (tests.test_core2_v2_boundaries.Core2V2LearnerJobBoundary.test_routine_zero_support_question_stays_lightweight_and_non_clinic) ... ok

----------------------------------------------------------------------
Ran 19 tests in 0.159s

OK
