tablet-12.7 enforcement failed:
 - core1a.html tablet-1366-landscape: 3 controls below 48px
 - core1a.html tablet-1440-landscape: 3 controls below 48px
 - core1a.html tablet-854-portrait: 3 controls below 48px
 - core1a.html tablet-900-portrait: 3 controls below 48px
 - core2.html tablet-1366-landscape: 3 controls below 48px
 - core2.html tablet-1440-landscape: 3 controls below 48px
 - core2.html tablet-854-portrait: 3 controls below 48px
 - core2.html tablet-900-portrait: 3 controls below 48px
core1a.html: bp=BP-CORE1A-CONSTRUCTION@1.5.0 slots=10 home=["index.html","index.html"] nav1=index.html "⚡Grade9V3.5Learner Platform" sticky=true targets<48=3/92 minFont=10.7983 overflowL=0 overflowP=0 hoverOnly=0 external=0 svg=2 (a11y 2) details=18 gated=2 attempts=12 focusCSS=true print=true stage68=true metaMissing=0 searchMissing=0 protectedSearch=0 gatedOpen=0 landmarks={"main":1,"nav":4,"header":1,"footer":1} js=3 errors=0
    tablet tablet-1366-landscape: {"articles":2,"identityMaxPx":63,"supportOffsetMaxPx":0,"smallestFigureTextPx":8.8,"worstIdentity":{"unit":"MIC-CHEM-G11-HYBRID-DOMAINS","identityPx":63,"supportOffsetPx":0,"smallestFigureTextPx":8.8}}
    tablet tablet-1440-landscape: {"articles":2,"identityMaxPx":63,"supportOffsetMaxPx":0,"smallestFigureTextPx":8.8,"worstIdentity":{"unit":"MIC-CHEM-G11-HYBRID-DOMAINS","identityPx":63,"supportOffsetPx":0,"smallestFigureTextPx":8.8}}
    tablet tablet-854-portrait: {"articles":2,"identityMaxPx":95,"supportOffsetMaxPx":0,"smallestFigureTextPx":12,"worstIdentity":{"unit":"MIC-CHEM-G11-HYBRID-DOMAINS","identityPx":95,"supportOffsetPx":0,"smallestFigureTextPx":14.2}}
    tablet tablet-900-portrait: {"articles":2,"identityMaxPx":95,"supportOffsetMaxPx":0,"smallestFigureTextPx":12,"worstIdentity":{"unit":"MIC-CHEM-G11-HYBRID-DOMAINS","identityPx":95,"supportOffsetPx":0,"smallestFigureTextPx":15}}
    small targets: button 38px "🔍Search" | button 38px "🌙 / ☀️Display" | a 38px "PDF"
core2.html: bp=BP-CORE2-SOURCE-QUESTION@1.6.0 slots=50 home=["index.html","index.html"] nav1=index.html "⚡Grade9V3.5Learner Platform" sticky=true targets<48=3/105 minFont=10.5 overflowL=0 overflowP=0 hoverOnly=0 external=0 svg=5 (a11y 5) details=30 gated=10 attempts=10 focusCSS=true print=true stage68=true metaMissing=0 searchMissing=0 protectedSearch=0 gatedOpen=0 landmarks={"main":1,"nav":1,"header":1,"footer":1} js=3 errors=0
    tablet tablet-1366-landscape: {"articles":10,"identityMaxPx":149,"supportOffsetMaxPx":0,"smallestFigureTextPx":12.9,"worstIdentity":{"unit":"ISS34-Q1","identityPx":149,"supportOffsetPx":0,"smallestFigureTextPx":12.9}}
    tablet tablet-1440-landscape: {"articles":10,"identityMaxPx":149,"supportOffsetMaxPx":0,"smallestFigureTextPx":13,"worstIdentity":{"unit":"ISS34-Q1","identityPx":149,"supportOffsetPx":0,"smallestFigureTextPx":13}}
    tablet tablet-854-portrait: {"articles":10,"identityMaxPx":212,"supportOffsetMaxPx":0,"smallestFigureTextPx":14.2,"worstIdentity":{"unit":"ISS34-Q2","identityPx":212,"supportOffsetPx":0,"smallestFigureTextPx":null}}
    tablet tablet-900-portrait: {"articles":10,"identityMaxPx":212,"supportOffsetMaxPx":0,"smallestFigureTextPx":14.7,"worstIdentity":{"unit":"ISS34-Q2","identityPx":212,"supportOffsetPx":0,"smallestFigureTextPx":null}}
    small targets: button 38px "🔍Search" | button 38px "🌙 / ☀️Display" | a 38px "PDF"
