tablet-12.7 enforcement failed:
 - core1a.html tablet-1366-landscape: 3 controls below 48px
 - core1a.html tablet-1440-landscape: 3 controls below 48px
 - core1a.html tablet-854-portrait: 3 controls below 48px
 - core1a.html tablet-900-portrait: 3 controls below 48px
 - core2.html tablet-1366-landscape: 3 controls below 48px
 - core2.html tablet-1440-landscape: 3 controls below 48px
 - core2.html tablet-854-portrait: 3 controls below 48px
 - core2.html tablet-900-portrait: 3 controls below 48px
core1a.html: bp=BP-CORE1A-CONSTRUCTION@1.5.0 slots=15 home=["index.html","index.html"] nav1=index.html "⚡Grade9V3.5Learner Platform" sticky=true targets<48=3/128 minFont=10.7975 overflowL=0 overflowP=0 hoverOnly=0 external=0 svg=3 (a11y 3) details=30 gated=3 attempts=13 focusCSS=true print=true stage68=true metaMissing=0 searchMissing=0 protectedSearch=0 gatedOpen=0 landmarks={"main":1,"nav":5,"header":1,"footer":1} js=3 errors=0
    tablet tablet-1366-landscape: {"articles":3,"identityMaxPx":63,"supportOffsetMaxPx":0,"smallestFigureTextPx":8.6,"worstIdentity":{"unit":"MIC-CHE-BOND-DOMAIN-COUNTING","identityPx":63,"supportOffsetPx":0,"smallestFigureTextPx":8.6}}
    tablet tablet-1440-landscape: {"articles":3,"identityMaxPx":63,"supportOffsetMaxPx":0,"smallestFigureTextPx":8.6,"worstIdentity":{"unit":"MIC-CHE-BOND-DOMAIN-COUNTING","identityPx":63,"supportOffsetPx":0,"smallestFigureTextPx":8.6}}
    tablet tablet-854-portrait: {"articles":3,"identityMaxPx":95,"supportOffsetMaxPx":0,"smallestFigureTextPx":11,"worstIdentity":{"unit":"MIC-CHE-BOND-DOMAIN-COUNTING","identityPx":95,"supportOffsetPx":0,"smallestFigureTextPx":11}}
    tablet tablet-900-portrait: {"articles":3,"identityMaxPx":95,"supportOffsetMaxPx":0,"smallestFigureTextPx":11,"worstIdentity":{"unit":"MIC-CHE-BOND-DOMAIN-COUNTING","identityPx":95,"supportOffsetPx":0,"smallestFigureTextPx":11}}
    small targets: button 38px "🔍Search" | button 38px "🌙 / ☀️Display" | a 38px "PDF"
core2.html: bp=BP-CORE2-SOURCE-QUESTION@1.6.0 slots=50 home=["index.html","index.html"] nav1=index.html "⚡Grade9V3.5Learner Platform" sticky=true targets<48=3/105 minFont=10.5 overflowL=0 overflowP=0 hoverOnly=0 external=0 svg=10 (a11y 10) details=30 gated=10 attempts=10 focusCSS=true print=true stage68=true metaMissing=0 searchMissing=0 protectedSearch=0 gatedOpen=0 landmarks={"main":1,"nav":1,"header":1,"footer":1} js=3 errors=0
    tablet tablet-1366-landscape: {"articles":10,"identityMaxPx":149,"supportOffsetMaxPx":0,"smallestFigureTextPx":12.5,"worstIdentity":{"unit":"OWN-ISSUE32-HYBRID-01","identityPx":149,"supportOffsetPx":0,"smallestFigureTextPx":12.5}}
    tablet tablet-1440-landscape: {"articles":10,"identityMaxPx":149,"supportOffsetMaxPx":0,"smallestFigureTextPx":12.8,"worstIdentity":{"unit":"OWN-ISSUE32-HYBRID-01","identityPx":149,"supportOffsetPx":0,"smallestFigureTextPx":12.8}}
    tablet tablet-854-portrait: {"articles":10,"identityMaxPx":238,"supportOffsetMaxPx":0,"smallestFigureTextPx":13.4,"worstIdentity":{"unit":"OWN-ISSUE32-HYBRID-01","identityPx":238,"supportOffsetPx":0,"smallestFigureTextPx":13.4}}
    tablet tablet-900-portrait: {"articles":10,"identityMaxPx":213,"supportOffsetMaxPx":0,"smallestFigureTextPx":13.4,"worstIdentity":{"unit":"OWN-ISSUE32-HYBRID-04","identityPx":213,"supportOffsetPx":0,"smallestFigureTextPx":24.2}}
    small targets: button 38px "🔍Search" | button 38px "🌙 / ☀️Display" | a 38px "PDF"
